// Jest Snapshot v1, https://goo.gl/fbAQLP

exports[`should be rendered without error matches snapshot 1`] = `
<div
  className="wrapper-home"
>
  <h1>
    Welcome you !
  </h1>
  <p>
    Hero Tran 210
  </p>
  <div
    className="MuiGrid-root MuiGrid-container"
  >
    <div
      className="MuiGrid-root MuiGrid-item MuiGrid-grid-xs-12 MuiGrid-grid-sm-6"
    >
      Grid1
    </div>
    <div
      className="MuiGrid-root MuiGrid-item MuiGrid-grid-xs-12 MuiGrid-grid-sm-6"
    >
      Grid2
    </div>
  </div>
</div>
`;
